(CMP(Q|L|W|B)load [off] {sym} ptr x mem) => (CMP(Q|L|W|B) (MOV(Q|L|W|B)load [off] {sym} ptr mem) x)
(CMP(Q|L|W|B)constload [vo] {sym} ptr mem) && vo.Val() == 0 => (TEST(Q|L|W|B) x:(MOV(Q|L|W|B)load [vo.Off32()] {sym} ptr mem) x)
(CMPQconstload [vo] {sym} ptr mem) && vo.Val() != 0 => (CMPQconst [vo.Val32()] (MOVQload [vo.Off32()] {sym} ptr mem))
(CMPLconstload [vo] {sym} ptr mem) && vo.Val() != 0 => (CMPLconst [vo.Val32()] (MOVLload [vo.Off32()] {sym} ptr mem))
(CMPWconstload [vo] {sym} ptr mem) && vo.Val() != 0 => (CMPWconst [vo.Val16()] (MOVWload [vo.Off32()] {sym} ptr mem))
(CMPBconstload [vo] {sym} ptr mem) && vo.Val() != 0 => (CMPBconst [vo.Val8()] (MOVBload [vo.Off32()] {sym} ptr mem))
(CMP(Q|L|W|B)loadidx1 [off] {sym} ptr idx x mem) => (CMP(Q|L|W|B) (MOV(Q|L|W|B)loadidx1 [off] {sym} ptr idx mem) x)
(CMPQloadidx8 [off] {sym} ptr idx x mem) => (CMPQ (MOVQloadidx8 [off] {sym} ptr idx mem) x)
(CMPLloadidx4 [off] {sym} ptr idx x mem) => (CMPL (MOVLloadidx4 [off] {sym} ptr idx mem) x)
(CMPWloadidx2 [off] {sym} ptr idx x mem) => (CMPW (MOVWloadidx2 [off] {sym} ptr idx mem) x)
(CMP(Q|L|W|B)constloadidx1 [vo] {sym} ptr idx mem) && vo.Val() == 0 => (TEST(Q|L|W|B) x:(MOV(Q|L|W|B)loadidx1 [vo.Off32()] {sym} ptr idx mem) x)
(CMPQconstloadidx8 [vo] {sym} ptr idx mem) && vo.Val() == 0 => (TESTQ x:(MOVQloadidx8 [vo.Off32()] {sym} ptr idx mem) x)
(CMPLconstloadidx4 [vo] {sym} ptr idx mem) && vo.Val() == 0 => (TESTL x:(MOVLloadidx4 [vo.Off32()] {sym} ptr idx mem) x)
(CMPWconstloadidx2 [vo] {sym} ptr idx mem) && vo.Val() == 0 => (TESTW x:(MOVWloadidx2 [vo.Off32()] {sym} ptr idx mem) x)
(CMPQconstloadidx1 [vo] {sym} ptr idx mem) && vo.Val() != 0 => (CMPQconst [vo.Val32()] (MOVQloadidx1 [vo.Off32()] {sym} ptr idx mem))
(CMPLconstloadidx1 [vo] {sym} ptr idx mem) && vo.Val() != 0 => (CMPLconst [vo.Val32()] (MOVLloadidx1 [vo.Off32()] {sym} ptr idx mem))
(CMPWconstloadidx1 [vo] {sym} ptr idx mem) && vo.Val() != 0 => (CMPWconst [vo.Val16()] (MOVWloadidx1 [vo.Off32()] {sym} ptr idx mem))
(CMPBconstloadidx1 [vo] {sym} ptr idx mem) && vo.Val() != 0 => (CMPBconst [vo.Val8()] (MOVBloadidx1 [vo.Off32()] {sym} ptr idx mem))
(CMPQconstloadidx8 [vo] {sym} ptr idx mem) && vo.Val() != 0 => (CMPQconst [vo.Val32()] (MOVQloadidx8 [vo.Off32()] {sym} ptr idx mem))
(CMPLconstloadidx4 [vo] {sym} ptr idx mem) && vo.Val() != 0 => (CMPLconst [vo.Val32()] (MOVLloadidx4 [vo.Off32()] {sym} ptr idx mem))
(CMPWconstloadidx2 [vo] {sym} ptr idx mem) && vo.Val() != 0 => (CMPWconst [vo.Val16()] (MOVWloadidx2 [vo.Off32()] {sym} ptr idx mem))
